/Users/arsenkhanguieldyan/Documents/Trading/Traiding 11/strategies.py:1023: FutureWarning: Series.fillna with 'method' is deprecated and will raise in a future version. Use obj.ffill() or obj.bfill() instead.
  vix = macro[vix_col].fillna(method="ffill")
/Users/arsenkhanguieldyan/Documents/Trading/Traiding 11/strategies.py:1076: FutureWarning: Series.fillna with 'method' is deprecated and will raise in a future version. Use obj.ffill() or obj.bfill() instead.
  spy = macro[spy_col].fillna(method="ffill")
/Users/arsenkhanguieldyan/Documents/Trading/Traiding 11/strategies.py:1076: FutureWarning: Series.fillna with 'method' is deprecated and will raise in a future version. Use obj.ffill() or obj.bfill() instead.
  spy = macro[spy_col].fillna(method="ffill")
/Users/arsenkhanguieldyan/Documents/Trading/Traiding 11/strategies.py:1023: FutureWarning: Series.fillna with 'method' is deprecated and will raise in a future version. Use obj.ffill() or obj.bfill() instead.
  vix = macro[vix_col].fillna(method="ffill")
/Users/arsenkhanguieldyan/Documents/Trading/Traiding 11/strategies.py:1076: FutureWarning: Series.fillna with 'method' is deprecated and will raise in a future version. Use obj.ffill() or obj.bfill() instead.
  spy = macro[spy_col].fillna(method="ffill")
[sleeves] ready in 0.6s
[done] buy_hold_spy                       (run_all)     0.7s
[done] xs_momentum_12_1                   (run_all)     0.6s
[done] xs_momentum_top30                  (run_all)     0.6s
[done] mean_reversion_5d                  (run_all)     0.8s
[done] trend_following                    (run_all)     0.7s
[done] dual_momentum_vol                  (run_all)     0.6s
[done] sector_rotation                    (run_all)     0.6s
[done] xs_momentum_ls                     (run_extras)     0.6s
[done] xs_momentum_ls_neutral             (run_extras)     0.6s
[done] regime_gated_momentum              (run_ensembles)     0.6s
[done] voltarget_momentum                 (run_ensembles)     0.7s
[done] regime_voltarget_momentum          (run_ensembles)     0.7s
[done] fast_dd_momentum                   (run_ensembles)     0.6s
[done] fast_dd_voltarget_momentum         (run_ensembles)     0.6s
[done] ensemble_top3                      (run_ensembles)     1.2s
[done] xs_momentum_multi                  (run_v2)     1.1s
[done] xs_momentum_concentrated           (run_v2)     0.9s
[done] multi_dd_lev_1.3x                  (run_v2)     0.6s
[done] conc_dd_lev_1.3x                   (run_v2)     0.7s
[done] conc_dd_lev_1.5x                   (run_v2)     0.6s
[done] ts_momentum_multiasset             (run_v3)     0.8s
[done] xs_momentum_fast                   (run_v3)     0.6s
[done] xs_momentum_fast_top10             (run_v3)     0.7s
[done] combo_4way_1x                      (run_v3)     1.1s
[done] combo_4way_1.5x                    (run_v3)     0.6s
[done] combo_4way_2x                      (run_v3)     0.6s
[done] combo_4way_2.5x                    (run_v4)     0.6s
[done] combo_4way_kelly_0.4               (run_v4)     1.0s
[done] combo_4way_kelly_0.6               (run_v4)     1.1s
[done] combo_4way_kelly_0.25              (run_v4)     1.0s
[done] FINAL_3pct_target                  (run_final)     0.9s
[done] FINAL_3pct_lev_1.3x                (run_final)     0.6s
[done] FINAL_3pct_lev_1.5x                (run_final)     0.6s
[done] low_vol_quality                    (run_v5)     0.7s
[done] acceleration_momentum              (run_v5)     0.6s
[done] donchian_breakout                  (run_v5)     1.4s
[done] multifactor_mvr                    (run_v5)     0.7s
[done] risk_parity_etf                    (run_v5)     0.6s
[done] vix_gated_trend                    (run_v5)     0.7s
[done] calendar_tom                       (run_v5)     0.9s
[done] sector_momentum_rotation           (run_v5)     0.6s
[done] adaptive_voltarget_momentum        (run_v5)     0.5s
[done] momentum_quality_blend             (run_v5)     0.7s
[done] combo_v2_2x                        (run_v6)     0.6s
[done] combo_v2_2x_freeze_vix             (run_v6)     0.6s
[done] combo_v2_2x_freeze_dd_v1           (run_v6)     0.6s
[done] combo_v2_2x_freeze_dd_v2           (run_v6)     0.6s
[done] combo_v2_2x_freeze_vix_dd_v1       (run_v6)     0.6s

wrote /Users/arsenkhanguieldyan/Documents/Trading/Traiding 11/results/v7/rescore.csv (192 rows)

══ legacy_period vs published (mean_monthly abs diff) ══
xs_momentum_ls_neutral    0.023351
xs_momentum_ls            0.011592
donchian_breakout         0.002046
FINAL_3pct_lev_1.3x       0.000000
sector_rotation           0.000000
mean_reversion_5d         0.000000
momentum_quality_blend    0.000000
multi_dd_lev_1.3x         0.000000
multifactor_mvr           0.000000
regime_gated_momentum     0.000000
